// Jest Snapshot v1, https://goo.gl/fbAQLP

exports[`Dismiss shows the correct snapshot for the Dismiss component tree 1`] = `
<button
  className="css-1fqszn3 DismissClassName css-rh1ike"
  onClick={[Function]}
  title="Dismiss"
  type="button"
>
  <svg
    aria-hidden={true}
    height={24}
    viewBox="0 0 24 24"
    width={24}
  >
    <g
      stroke="currentColor"
    >
      <line
        x1="2"
        x2="22"
        y1="2"
        y2="22"
      />
      <line
        x1="22"
        x2="2"
        y1="2"
        y2="22"
      />
    </g>
  </svg>
</button>
`;
