// Jest Snapshot v1, https://goo.gl/fbAQLP

exports[`Navbar shows the correct snapshot for the Navbar component tree 1`] = `
<nav
  className={
    Object {
      "data-css-1yiesa8": "",
    }
  }
>
  <div
    className={
      Object {
        "data-css-1abfnkv": "",
      }
    }
  >
    <a
      className="css-19avx8h"
      href="/"
      onClick={[Function]}
      title="AK Design"
    >
      <svg
        aria-hidden={true}
        height={47}
        viewBox="0 0 73 80"
        width={43}
      >
        <g>
          <path
            d="M0,37.4468085 L0,29.5421277 L7.6313703,29.5421277 C19.0775814,28.9514894 25.2042934,24.9957447 25.2042934,8.90893617 L25.2042934,0 L33.7745975,0 L33.7745975,37.4468085 L0,37.4468085 Z"
            fill="#7c7c7c"
          />
          <path
            d="M33.7745975,80 L33.7745975,72.0953191 L26.1432272,72.0953191 C14.6970161,71.506383 8.57030411,67.5506383 8.57030411,51.4621277 L8.57030411,42.5531915 L0,42.5531915 L0,80 L33.7745975,80 Z"
            fill="#7c7c7c"
          />
          <path
            d="M72.6153846,37.4468085 L72.6153846,29.5421277 L64.9840143,29.5421277 C53.5378032,28.9514894 47.4110912,24.9957447 47.4110912,8.90893617 L47.4110912,0 L38.8407871,0 L38.8407871,37.4468085 L72.6153846,37.4468085 Z"
            fill="#e1aee8"
          />
        </g>
      </svg>
    </a>
    <div
      className={
        Object {
          "data-css-u3lxy3": "",
        }
      }
    >
      <h1
        className={
          Object {
            "data-css-1a2lm7n": "",
          }
        }
      >
        <span
          className={
            Object {
              "data-css-41sc57": "",
            }
          }
        >
          Hi. 
        </span>
        <span
          className={
            Object {
              "data-css-ucwin8": "",
            }
          }
        >
          If you like what you see below perhaps we can work together in the future.
        </span>
      </h1>
      <div>
        <a
          className="css-e3p90y css-863xba"
          href="/"
          onClick={[Function]}
        >
          Work
        </a>
        <span
          className={
            Object {
              "data-css-3eixqd": "",
            }
          }
        >
          â€¢
        </span>
        <a
          className="css-e3p90y "
          href="#about"
          onClick={[Function]}
        >
          About
        </a>
      </div>
    </div>
  </div>
</nav>
`;
