// Jest Snapshot v1, https://goo.gl/fbAQLP

exports[`NavbarBullet shows the correct snapshot for the NavbarBullet component tree 1`] = `
<span
  className={
    Object {
      "data-css-3eixqd": "",
    }
  }
>
  â€¢
</span>
`;
