// Jest Snapshot v1, https://goo.gl/fbAQLP

exports[`Projects shows the correct snapshot for the Projects component tree 1`] = `
<div
  className={
    Object {
      "data-css-19tn1yq": "",
    }
  }
>
  <div
    className="Column css-1pf4kuf"
  >
    <button
      className="css-1fqszn3 css-10xwomj"
      data-id="project-1"
      onClick={[Function]}
      title="Project 1 title"
      type="button"
    >
      <img
        alt="project 1-tiles"
        className=" css-bagnb1"
        height={400}
        src="project-1-tiles"
        width={600}
      />
    </button>
  </div>
  <div
    className="Column css-1pf4kuf"
  >
    <button
      className="css-1fqszn3 css-10xwomj"
      data-id="project-2"
      onClick={[Function]}
      title="Project 2 title"
      type="button"
    >
      <img
        alt="project 2-tiles"
        className=" css-bagnb1"
        height={800}
        src="project-2-tiles"
        width={1200}
      />
    </button>
  </div>
  <div
    className="Column css-1pf4kuf"
  >
    <button
      className="css-1fqszn3 css-10xwomj"
      data-id="project-3"
      onClick={[Function]}
      title="Project 3 title"
      type="button"
    >
      <img
        alt="project 3-tiles"
        className=" css-bagnb1"
        height={960}
        src="project-3-tiles"
        width={1440}
      />
    </button>
  </div>
  <div
    className="Column css-1pf4kuf"
  />
</div>
`;
