// Jest Snapshot v1, https://goo.gl/fbAQLP

exports[`Section shows the correct snapshot for the Section component tree 1`] = `
<section
  className={
    Object {
      "data-css-1j7662z": "",
    }
  }
/>
`;
