// Jest Snapshot v1, https://goo.gl/fbAQLP

exports[`Svg shows the correct snapshot for the Svg component tree (size) 1`] = `
<svg
  aria-hidden={true}
  height={24}
  viewBox="0 0 24 24"
  width={24}
>
  <g
    stroke="currentColor"
  >
    <line
      x1="2"
      x2="22"
      y1="2"
      y2="22"
    />
    <line
      x1="22"
      x2="2"
      y1="2"
      y2="22"
    />
  </g>
</svg>
`;

exports[`Svg shows the correct snapshot for the Svg component tree (width/height) 1`] = `
<svg
  aria-hidden={true}
  height={24}
  viewBox="0 0 24 24"
  width={24}
>
  <g
    stroke="currentColor"
  >
    <line
      x1="2"
      x2="22"
      y1="2"
      y2="22"
    />
    <line
      x1="22"
      x2="2"
      y1="2"
      y2="22"
    />
  </g>
</svg>
`;
