// Jest Snapshot v1, https://goo.gl/fbAQLP

exports[`TileImage shows the correct snapshot for the TileImage component tree 1`] = `
<img
  alt="/static/favicon.png"
  className="TileImageClassName css-bagnb1"
  height={600}
  src="/static/favicon.png"
  width={800}
/>
`;
