// Jest Snapshot v1, https://goo.gl/fbAQLP

exports[`View shows the correct snapshot for the View component tree 1`] = `
<div
  data-stuff="view"
/>
`;
